
[TestNoInOperator/invalid-0 - 1]
Diagnostic 1: inOperator (4:8 - 4:21)
Message: `in` operator check on type `User ({ name: string; age: number })`. The `in` operator is usually an escape hatch. Consider using a type guard, discriminated union, or proper type narrowing instead.
   3 |             declare const user: User;
   4 |             if ('name' in user) { console.log(user.name); }
     |                 ~~~~~~~~~~~~~~
   5 |         
---

[TestNoInOperator/invalid-1 - 1]
Diagnostic 1: inOperator (3:8 - 3:17)
Message: `in` operator check on type `any`. The `in` operator is usually an escape hatch. Consider using a type guard, discriminated union, or proper type narrowing instead.
   2 |             declare const x: any;
   3 |             if ('foo' in x) { console.log(x.foo); }
     |                 ~~~~~~~~~~
   4 |         
---

[TestNoInOperator/invalid-2 - 1]
Diagnostic 1: inOperator (4:8 - 4:23)
Message: `in` operator check on type `Config ({ host: string; port: number })`. The `in` operator is usually an escape hatch. Consider using a type guard, discriminated union, or proper type narrowing instead.
   3 |             declare const config: Config;
   4 |             if ('host' in config) { console.log(config.host); }
     |                 ~~~~~~~~~~~~~~~~
   5 |         
---

[TestNoInOperator/invalid-3 - 1]
Diagnostic 1: inOperator (3:8 - 3:19)
Message: `in` operator check on type `Record<string, number>`. The `in` operator is usually an escape hatch. Consider using a type guard, discriminated union, or proper type narrowing instead.
   2 |             declare const obj: Record<string, number>;
   3 |             if ('foo' in obj) { console.log(obj.foo); }
     |                 ~~~~~~~~~~~~
   4 |         
---

[TestNoInOperator/invalid-4 - 1]
Diagnostic 1: inOperator (5:8 - 5:18)
Message: `in` operator check on type `User ({ name: string })`. The `in` operator is usually an escape hatch. Consider using a type guard, discriminated union, or proper type narrowing instead.
   4 |             declare const key: string;
   5 |             if (key in user) { console.log('has key'); }
     |                 ~~~~~~~~~~~
   6 |         
---

[TestNoInOperator/invalid-5 - 1]
Diagnostic 1: inOperator (4:8 - 4:24)
Message: `in` operator check on type `Config ({ debug?: boolean | undefined })`. The `in` operator is usually an escape hatch. Consider using a type guard, discriminated union, or proper type narrowing instead.
   3 |             declare const config: Config;
   4 |             if ('debug' in config) { console.log(config.debug); }
     |                 ~~~~~~~~~~~~~~~~~
   5 |         
---

[TestNoInOperator/invalid-6 - 1]
Diagnostic 1: inOperator (6:6 - 6:21)
Message: `in` operator check on type `object`. The `in` operator is usually an escape hatch. Consider using a type guard, discriminated union, or proper type narrowing instead.
   5 |                     typeof err === 'object' &&
   6 |                     'message' in err &&
     |                     ~~~~~~~~~~~~~~~~
   7 |                     typeof err.message === 'string'
---

[TestNoInOperator/invalid-7 - 1]
Diagnostic 1: inOperator (6:6 - 6:19)
Message: `in` operator check on type `object`. The `in` operator is usually an escape hatch. Consider using a type guard, discriminated union, or proper type narrowing instead.
   5 |                     typeof value === 'object' &&
   6 |                     'tab' in value
     |                     ~~~~~~~~~~~~~~
   7 |                 ) {
---

[TestNoInOperator/invalid-8 - 1]
Diagnostic 1: inOperatorUnionNarrowing (5:8 - 5:23)
Message: `in` operator on union type `Cat | Dog (Cat ({ kind: "cat"; meow: () => void }) | Dog ({ kind: "dog"; bark: () => void }))`. Property `meow` exists in Cat but not in Dog. Consider using a discriminant property (e.g. a `kind` or `type` field) to narrow the union instead of `in`.
   4 |             declare const animal: Cat | Dog;
   5 |             if ('meow' in animal) { }
     |                 ~~~~~~~~~~~~~~~~
   6 |         
---

[TestNoInOperator/invalid-9 - 1]
Diagnostic 1: inOperatorUnionNarrowing (5:8 - 5:28)
Message: `in` operator on union type `Admin | Guest (Admin ({ role: string; permissions: string[] }) | Guest ({ role: string }))`. Property `permissions` exists in Admin but not in Guest. Consider using a discriminant property (e.g. a `kind` or `type` field) to narrow the union instead of `in`.
   4 |             declare const user: Admin | Guest;
   5 |             if ('permissions' in user) { console.log(user); }
     |                 ~~~~~~~~~~~~~~~~~~~~~
   6 |         
---

[TestNoInOperator/invalid-10 - 1]
Diagnostic 1: inOperatorUnionNarrowing (6:8 - 6:15)
Message: `in` operator on union type `A | B | C (A ({ shared: string; a: number }) | B ({ shared: string }) | C ({ c: boolean }))`. Property `a` exists in A but not in B, C. Consider using a discriminant property (e.g. a `kind` or `type` field) to narrow the union instead of `in`.
   5 |             declare const x: A | B | C;
   6 |             if ('a' in x) { console.log(x); }
     |                 ~~~~~~~~
   7 |         
---

[TestNoInOperator/invalid-11 - 1]
Diagnostic 1: inOperatorUnionNarrowing (5:8 - 5:23)
Message: `in` operator on union type `Failure | Success (Failure ({ error: Error }) | Success ({ data: string }))`. Property `data` exists in Success but not in Failure. Consider using a discriminant property (e.g. a `kind` or `type` field) to narrow the union instead of `in`.
   4 |             declare const result: Success | Failure;
   5 |             if ('data' in result) { console.log(result.data); }
     |                 ~~~~~~~~~~~~~~~~
   6 |         
---

[TestNoInOperator/invalid-12 - 1]
Diagnostic 1: inOperator (5:8 - 5:23)
Message: `in` operator check on type `Cat | Dog (Cat ({ name: string; meow: () => void }) | Dog ({ name: string; bark: () => void }))`. The `in` operator is usually an escape hatch. Consider using a type guard, discriminated union, or proper type narrowing instead.
   4 |             declare const animal: Cat | Dog;
   5 |             if ('name' in animal) { console.log(animal.name); }
     |                 ~~~~~~~~~~~~~~~~
   6 |         
---

[TestNoInOperator/invalid-13 - 1]
Diagnostic 1: inOperator (3:5 - 3:18)
Message: `in` operator check on type `User ({ name: string })`. The `in` operator is usually an escape hatch. Consider using a type guard, discriminated union, or proper type narrowing instead.
   2 | declare const user: User;
   3 | if (`name` in user) { console.log(user.name); }
     |     ~~~~~~~~~~~~~~
---

[TestNoInOperator/invalid-14 - 1]
Diagnostic 1: inOperatorUnionNarrowing (4:5 - 4:20)
Message: `in` operator on union type `Cat | Dog (Cat ({ kind: "cat"; meow: () => void }) | Dog ({ kind: "dog"; bark: () => void }))`. Property `meow` exists in Cat but not in Dog. Consider using a discriminant property (e.g. a `kind` or `type` field) to narrow the union instead of `in`.
   3 | declare const animal: Cat | Dog;
   4 | if (`meow` in animal) { }
     |     ~~~~~~~~~~~~~~~~
---
